---
source: src/ast.rs
expression: next_heading_2
---
None
