---
source: src/state.rs
expression: file_names
---
[
    "README.md",
    "testdata/test file c.md",
    "testdata/test-file-b.md",
    "testdata/test_file_a.md",
    "testdata/testfiled.md",
    "todo.md",
]
